09/20/24, 13:34:26, 4, 0, :File not found.
09/20/24, 13:34:26, 4, 0, :File not found.
09/20/24, 13:42:22, 4, 0, F:\dg\project\project1\project1\bin\Debug\report\sales_report.rpt:A number, currency amount, boolean, date, time, date-time, or string is expected here.
10/07/24, 10:28:41, 4, 0, :File not found.
10/07/24, 10:28:41, 4, 0, :File not found.
10/07/24, 10:30:40, 4, 0, F:\@dg\project\project1\project1\bin\Debug\report\purchase_report.rpt:This field name is not known.
10/07/24, 10:31:40, 4, 0, F:\@dg\project\project1\project1\bin\Debug\report\purchase_report.rpt:This field name is not known.
10/07/24, 10:32:51, 4, 0, F:\@dg\project\project1\project1\bin\Debug\report\purchase_report.rpt:This field name is not known.
10/07/24, 10:33:47, 4, 0, :File not found.
10/07/24, 10:33:47, 4, 0, :File not found.
10/07/24, 10:34:02, 4, 0, F:\@dg\project\project1\project1\bin\Debug\report\stock_report.rpt:This field name is not known.
10/09/24, 11:48:22, 4, 0, C:\@dg\df\project1\bin\Debug\report\bill_report.rpt:This field name is not known.
10/09/24, 13:16:15, 4, 0, C:\@dg\df\project1\bin\Debug\report\bill_report.rpt:This field name is not known.
10/09/24, 13:16:45, 4, 0, C:\@dg\df\project1\bin\Debug\report\bill_report.rpt:This field name is not known.
10/09/24, 13:35:57, 4, 0, C:\@dg\df\project1\bin\Debug\report\bill_report.rpt:This field name is not known.
10/09/24, 13:37:37, 4, 0, C:\@dg\df\project1\bin\Debug\report\bill_report.rpt:This field name is not known.
10/09/24, 13:41:37, 4, 0, C:\@dg\df\project1\bin\Debug\report\bill_report.rpt:This field name is not known.
10/09/24, 13:43:45, 4, 0, C:\@dg\df\project1\bin\Debug\report\bill_report.rpt:This field name is not known.
10/09/24, 13:44:30, 4, 0, C:\@dg\df\project1\bin\Debug\report\bill_report.rpt:This field name is not known.
10/09/24, 13:47:24, 4, 0, C:\@dg\df\project1\bin\Debug\report\bill_report.rpt:This field name is not known.
10/09/24, 13:47:59, 4, 0, C:\@dg\df\project1\bin\Debug\report\bill_report.rpt:This field name is not known.
10/09/24, 14:21:42, 4, 0, C:\@dg\df\project1\bin\Debug\report\bill_report.rpt:This field name is not known.
10/09/24, 14:24:38, 4, 0, C:\@dg\df\project1\bin\Debug\report\bill_report.rpt:This field name is not known.
10/14/24, 17:10:47, 4, 0, D:\@dg\df\project1\bin\Debug\report\stock_report.rpt:This field name is not known.
